Archive member included to satisfy reference by file (symbol)

../app01_bsp/\libhal_bsp.a(alt_getchar.o)
                              obj/default/hello_world_small.o (alt_getchar)
../app01_bsp/\libhal_bsp.a(alt_load.o)
                              ../app01_bsp//obj/HAL/src/crt0.o (alt_load)
../app01_bsp/\libhal_bsp.a(alt_main.o)
                              ../app01_bsp//obj/HAL/src/crt0.o (alt_main)
../app01_bsp/\libhal_bsp.a(alt_putstr.o)
                              obj/default/hello_world_small.o (alt_putstr)
../app01_bsp/\libhal_bsp.a(alt_sys_init.o)
                              ../app01_bsp/\libhal_bsp.a(alt_main.o) (alt_irq_init)
../app01_bsp/\libhal_bsp.a(altera_avalon_uart_read.o)
                              ../app01_bsp/\libhal_bsp.a(alt_getchar.o) (altera_avalon_uart_read)
../app01_bsp/\libhal_bsp.a(altera_avalon_uart_write.o)
                              ../app01_bsp/\libhal_bsp.a(alt_putstr.o) (altera_avalon_uart_write)
../app01_bsp/\libhal_bsp.a(alt_dcache_flush_all.o)
                              ../app01_bsp/\libhal_bsp.a(alt_load.o) (alt_dcache_flush_all)
../app01_bsp/\libhal_bsp.a(alt_dev.o)
                              ../app01_bsp/\libhal_bsp.a(alt_getchar.o) (alt_fd_list)
../app01_bsp/\libhal_bsp.a(alt_errno.o)
                              ../app01_bsp/\libhal_bsp.a(altera_avalon_uart_read.o) (alt_errno)
../app01_bsp/\libhal_bsp.a(alt_icache_flush_all.o)
                              ../app01_bsp/\libhal_bsp.a(alt_load.o) (alt_icache_flush_all)
../app01_bsp/\libhal_bsp.a(altera_nios2_gen2_irq.o)
                              ../app01_bsp/\libhal_bsp.a(alt_sys_init.o) (altera_nios2_gen2_irq_init)
c:/intelfpga_lite/18.1/nios2eds/bin/gnu/h-x86_64-mingw32/bin/../lib/gcc/nios2-elf/5.3.0/../../../../../H-x86_64-mingw32/nios2-elf/lib/mno-hw-mul\libsmallc.a(lib_a-int_errno.o)
                              ../app01_bsp/\libhal_bsp.a(altera_avalon_uart_read.o) (errno)
c:/intelfpga_lite/18.1/nios2eds/bin/gnu/h-x86_64-mingw32/bin/../lib/gcc/nios2-elf/5.3.0/../../../../../H-x86_64-mingw32/nios2-elf/lib/mno-hw-mul\libsmallc.a(lib_a-strlen.o)
                              ../app01_bsp/\libhal_bsp.a(alt_putstr.o) (strlen)

Allocating common symbols
Common symbol       size              file

errno               0x4               c:/intelfpga_lite/18.1/nios2eds/bin/gnu/h-x86_64-mingw32/bin/../lib/gcc/nios2-elf/5.3.0/../../../../../H-x86_64-mingw32/nios2-elf/lib/mno-hw-mul\libsmallc.a(lib_a-int_errno.o)

Memory Configuration

Name             Origin             Length             Attributes
reset            0x0000000000010000 0x0000000000000020
onchip_memory2_0 0x0000000000010020 0x0000000000003fe0
*default*        0x0000000000000000 0xffffffffffffffff

Linker script and memory map

LOAD ../app01_bsp//obj/HAL/src/crt0.o
LOAD obj/default/hello_world_small.o
LOAD c:/intelfpga_lite/18.1/nios2eds/bin/gnu/h-x86_64-mingw32/bin/../lib/gcc/nios2-elf/5.3.0/../../../../../H-x86_64-mingw32/nios2-elf/lib/mno-hw-mul\libstdc++.a
LOAD c:/intelfpga_lite/18.1/nios2eds/bin/gnu/h-x86_64-mingw32/bin/../lib/gcc/nios2-elf/5.3.0/../../../../../H-x86_64-mingw32/nios2-elf/lib/mno-hw-mul\libm.a
LOAD c:/intelfpga_lite/18.1/nios2eds/bin/gnu/h-x86_64-mingw32/bin/../lib/gcc/nios2-elf/5.3.0/mno-hw-mul\libgcc.a
START GROUP
LOAD c:/intelfpga_lite/18.1/nios2eds/bin/gnu/h-x86_64-mingw32/bin/../lib/gcc/nios2-elf/5.3.0/../../../../../H-x86_64-mingw32/nios2-elf/lib/mno-hw-mul\libsmallc.a
LOAD c:/intelfpga_lite/18.1/nios2eds/bin/gnu/h-x86_64-mingw32/bin/../lib/gcc/nios2-elf/5.3.0/mno-hw-mul\libgcc.a
LOAD ../app01_bsp/\libhal_bsp.a
LOAD c:/intelfpga_lite/18.1/nios2eds/bin/gnu/h-x86_64-mingw32/bin/../lib/gcc/nios2-elf/5.3.0/../../../../../H-x86_64-mingw32/nios2-elf/lib/mno-hw-mul\libm.a
END GROUP
LOAD c:/intelfpga_lite/18.1/nios2eds/bin/gnu/h-x86_64-mingw32/bin/../lib/gcc/nios2-elf/5.3.0/mno-hw-mul\libgcc.a
                0x0000000000010000                __alt_mem_onchip_memory2_0 = 0x10000

.entry          0x0000000000010000       0x20
 *(.entry)
 .entry         0x0000000000010000       0x20 ../app01_bsp//obj/HAL/src/crt0.o
                0x0000000000010000                __reset
                0x000000000001000c                _exit

.exceptions     0x0000000000010020        0x0
                0x0000000000010020                PROVIDE (__ram_exceptions_start, ABSOLUTE (.))
                0x0000000000010020                . = ALIGN (0x20)
 *(.irq)
 *(.exceptions.entry.label)
 *(.exceptions.entry.user)
 *(.exceptions.entry.ecc_fatal)
 *(.exceptions.entry)
 *(.exceptions.irqtest.user)
 *(.exceptions.irqtest)
 *(.exceptions.irqhandler.user)
 *(.exceptions.irqhandler)
 *(.exceptions.irqreturn.user)
 *(.exceptions.irqreturn)
 *(.exceptions.notirq.label)
 *(.exceptions.notirq.user)
 *(.exceptions.notirq)
 *(.exceptions.soft.user)
 *(.exceptions.soft)
 *(.exceptions.unknown.user)
 *(.exceptions.unknown)
 *(.exceptions.exit.label)
 *(.exceptions.exit.user)
 *(.exceptions.exit)
 *(.exceptions)
                0x0000000000010020                PROVIDE (__ram_exceptions_end, ABSOLUTE (.))
                0x0000000000010020                PROVIDE (__flash_exceptions_start, LOADADDR (.exceptions))

.text           0x0000000000010020      0x3b8
                [!provide]                        PROVIDE (stext, ABSOLUTE (.))
 *(.interp)
 *(.hash)
 *(.dynsym)
 *(.dynstr)
 *(.gnu.version)
 *(.gnu.version_d)
 *(.gnu.version_r)
 *(.rel.init)
 *(.rela.init)
 *(.rel.text .rel.text.* .rel.gnu.linkonce.t.*)
 *(.rela.text .rela.text.* .rela.gnu.linkonce.t.*)
 *(.rel.fini)
 *(.rela.fini)
 *(.rel.rodata .rel.rodata.* .rel.gnu.linkonce.r.*)
 *(.rela.rodata .rela.rodata.* .rela.gnu.linkonce.r.*)
 *(.rel.data .rel.data.* .rel.gnu.linkonce.d.*)
 *(.rela.data .rela.data.* .rela.gnu.linkonce.d.*)
 *(.rel.tdata .rel.tdata.* .rel.gnu.linkonce.td.*)
 *(.rela.tdata .rela.tdata.* .rela.gnu.linkonce.td.*)
 *(.rel.tbss .rel.tbss.* .rel.gnu.linkonce.tb.*)
 *(.rela.tbss .rela.tbss.* .rela.gnu.linkonce.tb.*)
 *(.rel.ctors)
 *(.rela.ctors)
 *(.rel.dtors)
 *(.rela.dtors)
 *(.rel.got)
 *(.rela.got)
 *(.rel.sdata .rel.sdata.* .rel.gnu.linkonce.s.*)
 *(.rela.sdata .rela.sdata.* .rela.gnu.linkonce.s.*)
 *(.rel.sbss .rel.sbss.* .rel.gnu.linkonce.sb.*)
 *(.rela.sbss .rela.sbss.* .rela.gnu.linkonce.sb.*)
 *(.rel.sdata2 .rel.sdata2.* .rel.gnu.linkonce.s2.*)
 *(.rela.sdata2 .rela.sdata2.* .rela.gnu.linkonce.s2.*)
 *(.rel.sbss2 .rel.sbss2.* .rel.gnu.linkonce.sb2.*)
 *(.rela.sbss2 .rela.sbss2.* .rela.gnu.linkonce.sb2.*)
 *(.rel.bss .rel.bss.* .rel.gnu.linkonce.b.*)
 *(.rela.bss .rela.bss.* .rela.gnu.linkonce.b.*)
 *(.rel.plt)
 *(.rela.plt)
 *(.rel.dyn)
 *(.init)
 *(.plt)
 *(.text .stub .text.* .gnu.linkonce.t.*)
 .text          0x0000000000010020       0x3c ../app01_bsp//obj/HAL/src/crt0.o
                0x0000000000010020                _start
 .text          0x000000000001005c        0x0 obj/default/hello_world_small.o
 .text.startup  0x000000000001005c       0x98 obj/default/hello_world_small.o
                0x000000000001005c                main
 .text          0x00000000000100f4       0x44 ../app01_bsp/\libhal_bsp.a(alt_getchar.o)
                0x00000000000100f4                alt_getchar
 .text          0x0000000000010138       0xe0 ../app01_bsp/\libhal_bsp.a(alt_load.o)
                0x0000000000010138                alt_load
 .text          0x0000000000010218       0x2c ../app01_bsp/\libhal_bsp.a(alt_main.o)
                0x0000000000010218                alt_main
 .text          0x0000000000010244       0x38 ../app01_bsp/\libhal_bsp.a(alt_putstr.o)
                0x0000000000010244                alt_putstr
 .text          0x000000000001027c       0x24 ../app01_bsp/\libhal_bsp.a(alt_sys_init.o)
                0x000000000001027c                alt_irq_init
                0x000000000001029c                alt_sys_init
 .text          0x00000000000102a0       0x80 ../app01_bsp/\libhal_bsp.a(altera_avalon_uart_read.o)
                0x00000000000102a0                altera_avalon_uart_read
 .text          0x0000000000010320       0x84 ../app01_bsp/\libhal_bsp.a(altera_avalon_uart_write.o)
                0x0000000000010320                altera_avalon_uart_write
 .text          0x00000000000103a4        0x4 ../app01_bsp/\libhal_bsp.a(alt_dcache_flush_all.o)
                0x00000000000103a4                alt_dcache_flush_all
 .text          0x00000000000103a8        0x8 ../app01_bsp/\libhal_bsp.a(alt_dev.o)
 .text          0x00000000000103b0        0x0 ../app01_bsp/\libhal_bsp.a(alt_errno.o)
 .text          0x00000000000103b0        0x4 ../app01_bsp/\libhal_bsp.a(alt_icache_flush_all.o)
                0x00000000000103b0                alt_icache_flush_all
 .text          0x00000000000103b4        0x8 ../app01_bsp/\libhal_bsp.a(altera_nios2_gen2_irq.o)
                0x00000000000103b4                altera_nios2_gen2_irq_init
 .text          0x00000000000103bc        0x0 c:/intelfpga_lite/18.1/nios2eds/bin/gnu/h-x86_64-mingw32/bin/../lib/gcc/nios2-elf/5.3.0/../../../../../H-x86_64-mingw32/nios2-elf/lib/mno-hw-mul\libsmallc.a(lib_a-int_errno.o)
 .text          0x00000000000103bc        0x0 c:/intelfpga_lite/18.1/nios2eds/bin/gnu/h-x86_64-mingw32/bin/../lib/gcc/nios2-elf/5.3.0/../../../../../H-x86_64-mingw32/nios2-elf/lib/mno-hw-mul\libsmallc.a(lib_a-strlen.o)
 .text.strlen   0x00000000000103bc       0x1c c:/intelfpga_lite/18.1/nios2eds/bin/gnu/h-x86_64-mingw32/bin/../lib/gcc/nios2-elf/5.3.0/../../../../../H-x86_64-mingw32/nios2-elf/lib/mno-hw-mul\libsmallc.a(lib_a-strlen.o)
                0x00000000000103bc                strlen
 *(.gnu.warning.*)
 *(.fini)
                [!provide]                        PROVIDE (__etext, ABSOLUTE (.))
                [!provide]                        PROVIDE (_etext, ABSOLUTE (.))
                [!provide]                        PROVIDE (etext, ABSOLUTE (.))
 *(.eh_frame_hdr)
                0x00000000000103d8                . = ALIGN (0x4)
                [!provide]                        PROVIDE (__preinit_array_start, ABSOLUTE (.))
 *(.preinit_array)
                [!provide]                        PROVIDE (__preinit_array_end, ABSOLUTE (.))
                [!provide]                        PROVIDE (__init_array_start, ABSOLUTE (.))
 *(.init_array)
                [!provide]                        PROVIDE (__init_array_end, ABSOLUTE (.))
                [!provide]                        PROVIDE (__fini_array_start, ABSOLUTE (.))
 *(.fini_array)
                [!provide]                        PROVIDE (__fini_array_end, ABSOLUTE (.))
 *(.eh_frame)
 *(.gcc_except_table .gcc_except_table.*)
 *(.dynamic)
                [!provide]                        PROVIDE (__CTOR_LIST__, ABSOLUTE (.))
 *(.ctors)
 *(SORT(.ctors.*))
                [!provide]                        PROVIDE (__CTOR_END__, ABSOLUTE (.))
                [!provide]                        PROVIDE (__DTOR_LIST__, ABSOLUTE (.))
 *(.dtors)
 *(SORT(.dtors.*))
                [!provide]                        PROVIDE (__DTOR_END__, ABSOLUTE (.))
 *(.jcr)
                0x00000000000103d8                . = ALIGN (0x4)

.rodata         0x00000000000103d8       0x34
                0x00000000000103d8                PROVIDE (__ram_rodata_start, ABSOLUTE (.))
                0x00000000000103d8                . = ALIGN (0x4)
 *(.rodata .rodata.* .gnu.linkonce.r.*)
 .rodata.str1.4
                0x00000000000103d8       0x25 obj/default/hello_world_small.o
 *fill*         0x00000000000103fd        0x3 
 .rodata.str1.4
                0x0000000000010400        0xc ../app01_bsp/\libhal_bsp.a(alt_dev.o)
                                          0xa (size before relaxing)
 *(.rodata1)
                0x000000000001040c                . = ALIGN (0x4)
                0x000000000001040c                PROVIDE (__ram_rodata_end, ABSOLUTE (.))
                0x00000000000103d8                PROVIDE (__flash_rodata_start, LOADADDR (.rodata))

.rwdata         0x000000000001040c       0x74 load address 0x0000000000010480
                0x000000000001040c                PROVIDE (__ram_rwdata_start, ABSOLUTE (.))
                0x000000000001040c                . = ALIGN (0x4)
 *(.got.plt)
 *(.got)
 *(.data1)
 *(.data .data.* .gnu.linkonce.d.*)
 .data          0x000000000001040c        0x0 ../app01_bsp//obj/HAL/src/crt0.o
 .data          0x000000000001040c        0x0 obj/default/hello_world_small.o
 .data          0x000000000001040c        0x0 ../app01_bsp/\libhal_bsp.a(alt_getchar.o)
 .data          0x000000000001040c        0x0 ../app01_bsp/\libhal_bsp.a(alt_load.o)
 .data          0x000000000001040c        0x0 ../app01_bsp/\libhal_bsp.a(alt_main.o)
 .data          0x000000000001040c        0x0 ../app01_bsp/\libhal_bsp.a(alt_putstr.o)
 .data          0x000000000001040c        0x0 ../app01_bsp/\libhal_bsp.a(alt_sys_init.o)
 .data          0x000000000001040c        0x0 ../app01_bsp/\libhal_bsp.a(altera_avalon_uart_read.o)
 .data          0x000000000001040c        0x0 ../app01_bsp/\libhal_bsp.a(altera_avalon_uart_write.o)
 .data          0x000000000001040c        0x0 ../app01_bsp/\libhal_bsp.a(alt_dcache_flush_all.o)
 .data          0x000000000001040c       0x58 ../app01_bsp/\libhal_bsp.a(alt_dev.o)
                0x000000000001040c                alt_fd_list
                0x000000000001043c                alt_dev_null
 .data          0x0000000000010464        0x0 ../app01_bsp/\libhal_bsp.a(alt_errno.o)
 .data          0x0000000000010464        0x0 ../app01_bsp/\libhal_bsp.a(alt_icache_flush_all.o)
 .data          0x0000000000010464        0x0 ../app01_bsp/\libhal_bsp.a(altera_nios2_gen2_irq.o)
 .data          0x0000000000010464        0x0 c:/intelfpga_lite/18.1/nios2eds/bin/gnu/h-x86_64-mingw32/bin/../lib/gcc/nios2-elf/5.3.0/../../../../../H-x86_64-mingw32/nios2-elf/lib/mno-hw-mul\libsmallc.a(lib_a-int_errno.o)
 .data          0x0000000000010464        0x0 c:/intelfpga_lite/18.1/nios2eds/bin/gnu/h-x86_64-mingw32/bin/../lib/gcc/nios2-elf/5.3.0/../../../../../H-x86_64-mingw32/nios2-elf/lib/mno-hw-mul\libsmallc.a(lib_a-strlen.o)
                0x0000000000018464                _gp = ABSOLUTE ((. + 0x8000))
                [!provide]                        PROVIDE (gp, _gp)
 *(.rwdata .rwdata.*)
 *(.sdata .sdata.* .gnu.linkonce.s.*)
 .sdata         0x0000000000010464        0x4 ../app01_bsp/\libhal_bsp.a(alt_sys_init.o)
                0x0000000000010464                uart_0
 .sdata         0x0000000000010468       0x14 ../app01_bsp/\libhal_bsp.a(alt_dev.o)
                0x0000000000010468                alt_max_fd
                0x000000000001046c                alt_dev_list
                0x0000000000010474                alt_fs_list
 .sdata         0x000000000001047c        0x4 ../app01_bsp/\libhal_bsp.a(alt_errno.o)
                0x000000000001047c                alt_errno
 *(.sdata2 .sdata2.* .gnu.linkonce.s2.*)
                0x0000000000010480                . = ALIGN (0x4)
                0x0000000000010480                _edata = ABSOLUTE (.)
                [!provide]                        PROVIDE (edata, ABSOLUTE (.))
                0x0000000000010480                PROVIDE (__ram_rwdata_end, ABSOLUTE (.))
                0x0000000000010480                PROVIDE (__flash_rwdata_start, LOADADDR (.rwdata))

.bss            0x00000000000104f4       0x10
                0x00000000000104f4                __bss_start = ABSOLUTE (.)
                [!provide]                        PROVIDE (__sbss_start, ABSOLUTE (.))
                [!provide]                        PROVIDE (___sbss_start, ABSOLUTE (.))
 *(.dynsbss)
 *(.sbss .sbss.* .gnu.linkonce.sb.*)
 .sbss          0x00000000000104f4        0xc ../app01_bsp/\libhal_bsp.a(alt_main.o)
                0x00000000000104f4                alt_envp
                0x00000000000104f8                alt_argv
                0x00000000000104fc                alt_argc
 .sbss          0x0000000000010500        0x4 c:/intelfpga_lite/18.1/nios2eds/bin/gnu/h-x86_64-mingw32/bin/../lib/gcc/nios2-elf/5.3.0/../../../../../H-x86_64-mingw32/nios2-elf/lib/mno-hw-mul\libsmallc.a(lib_a-int_errno.o)
                0x0000000000010500                errno
 *(.sbss2 .sbss2.* .gnu.linkonce.sb2.*)
 *(.scommon)
                [!provide]                        PROVIDE (__sbss_end, ABSOLUTE (.))
                [!provide]                        PROVIDE (___sbss_end, ABSOLUTE (.))
 *(.dynbss)
 *(.bss .bss.* .gnu.linkonce.b.*)
 .bss           0x0000000000010504        0x0 ../app01_bsp//obj/HAL/src/crt0.o
 .bss           0x0000000000010504        0x0 obj/default/hello_world_small.o
 .bss           0x0000000000010504        0x0 ../app01_bsp/\libhal_bsp.a(alt_getchar.o)
 .bss           0x0000000000010504        0x0 ../app01_bsp/\libhal_bsp.a(alt_load.o)
 .bss           0x0000000000010504        0x0 ../app01_bsp/\libhal_bsp.a(alt_main.o)
 .bss           0x0000000000010504        0x0 ../app01_bsp/\libhal_bsp.a(alt_putstr.o)
 .bss           0x0000000000010504        0x0 ../app01_bsp/\libhal_bsp.a(alt_sys_init.o)
 .bss           0x0000000000010504        0x0 ../app01_bsp/\libhal_bsp.a(altera_avalon_uart_read.o)
 .bss           0x0000000000010504        0x0 ../app01_bsp/\libhal_bsp.a(altera_avalon_uart_write.o)
 .bss           0x0000000000010504        0x0 ../app01_bsp/\libhal_bsp.a(alt_dcache_flush_all.o)
 .bss           0x0000000000010504        0x0 ../app01_bsp/\libhal_bsp.a(alt_dev.o)
 .bss           0x0000000000010504        0x0 ../app01_bsp/\libhal_bsp.a(alt_errno.o)
 .bss           0x0000000000010504        0x0 ../app01_bsp/\libhal_bsp.a(alt_icache_flush_all.o)
 .bss           0x0000000000010504        0x0 ../app01_bsp/\libhal_bsp.a(altera_nios2_gen2_irq.o)
 .bss           0x0000000000010504        0x0 c:/intelfpga_lite/18.1/nios2eds/bin/gnu/h-x86_64-mingw32/bin/../lib/gcc/nios2-elf/5.3.0/../../../../../H-x86_64-mingw32/nios2-elf/lib/mno-hw-mul\libsmallc.a(lib_a-int_errno.o)
 .bss           0x0000000000010504        0x0 c:/intelfpga_lite/18.1/nios2eds/bin/gnu/h-x86_64-mingw32/bin/../lib/gcc/nios2-elf/5.3.0/../../../../../H-x86_64-mingw32/nios2-elf/lib/mno-hw-mul\libsmallc.a(lib_a-strlen.o)
 *(COMMON)
                0x0000000000010504                . = ALIGN (0x4)
                0x0000000000010504                __bss_end = ABSOLUTE (.)

.onchip_memory2_0
                0x0000000000010504        0x0
                [!provide]                        PROVIDE (_alt_partition_onchip_memory2_0_start, ABSOLUTE (.))
 *(.onchip_memory2_0 .onchip_memory2_0. onchip_memory2_0.*)
                0x0000000000010504                . = ALIGN (0x4)
                [!provide]                        PROVIDE (_alt_partition_onchip_memory2_0_end, ABSOLUTE (.))
                0x0000000000010504                _end = ABSOLUTE (.)
                0x0000000000010504                end = ABSOLUTE (.)
                0x0000000000010504                __alt_stack_base = ABSOLUTE (.)
                [!provide]                        PROVIDE (_alt_partition_onchip_memory2_0_load_addr, LOADADDR (.onchip_memory2_0))

.stab
 *(.stab)

.stabstr
 *(.stabstr)

.stab.excl
 *(.stab.excl)

.stab.exclstr
 *(.stab.exclstr)

.stab.index
 *(.stab.index)

.stab.indexstr
 *(.stab.indexstr)

.comment        0x0000000000000000       0x23
 *(.comment)
 .comment       0x0000000000000000       0x23 obj/default/hello_world_small.o
                                         0x24 (size before relaxing)
 .comment       0x0000000000000023       0x24 ../app01_bsp/\libhal_bsp.a(alt_getchar.o)
 .comment       0x0000000000000023       0x24 ../app01_bsp/\libhal_bsp.a(alt_load.o)
 .comment       0x0000000000000023       0x24 ../app01_bsp/\libhal_bsp.a(alt_main.o)
 .comment       0x0000000000000023       0x24 ../app01_bsp/\libhal_bsp.a(alt_putstr.o)
 .comment       0x0000000000000023       0x24 ../app01_bsp/\libhal_bsp.a(alt_sys_init.o)
 .comment       0x0000000000000023       0x24 ../app01_bsp/\libhal_bsp.a(altera_avalon_uart_read.o)
 .comment       0x0000000000000023       0x24 ../app01_bsp/\libhal_bsp.a(altera_avalon_uart_write.o)
 .comment       0x0000000000000023       0x24 ../app01_bsp/\libhal_bsp.a(alt_dcache_flush_all.o)
 .comment       0x0000000000000023       0x24 ../app01_bsp/\libhal_bsp.a(alt_dev.o)
 .comment       0x0000000000000023       0x24 ../app01_bsp/\libhal_bsp.a(alt_errno.o)
 .comment       0x0000000000000023       0x24 ../app01_bsp/\libhal_bsp.a(alt_icache_flush_all.o)
 .comment       0x0000000000000023       0x24 ../app01_bsp/\libhal_bsp.a(altera_nios2_gen2_irq.o)
 .comment       0x0000000000000023       0x24 c:/intelfpga_lite/18.1/nios2eds/bin/gnu/h-x86_64-mingw32/bin/../lib/gcc/nios2-elf/5.3.0/../../../../../H-x86_64-mingw32/nios2-elf/lib/mno-hw-mul\libsmallc.a(lib_a-int_errno.o)
 .comment       0x0000000000000023       0x24 c:/intelfpga_lite/18.1/nios2eds/bin/gnu/h-x86_64-mingw32/bin/../lib/gcc/nios2-elf/5.3.0/../../../../../H-x86_64-mingw32/nios2-elf/lib/mno-hw-mul\libsmallc.a(lib_a-strlen.o)

.debug
 *(.debug)

.line
 *(.line)

.debug_srcinfo
 *(.debug_srcinfo)

.debug_sfnames
 *(.debug_sfnames)

.debug_aranges  0x0000000000000000      0x1f8
 *(.debug_aranges)
 .debug_aranges
                0x0000000000000000       0x28 ../app01_bsp//obj/HAL/src/crt0.o
 .debug_aranges
                0x0000000000000028       0x20 obj/default/hello_world_small.o
 .debug_aranges
                0x0000000000000048       0x20 ../app01_bsp/\libhal_bsp.a(alt_getchar.o)
 .debug_aranges
                0x0000000000000068       0x20 ../app01_bsp/\libhal_bsp.a(alt_load.o)
 .debug_aranges
                0x0000000000000088       0x20 ../app01_bsp/\libhal_bsp.a(alt_main.o)
 .debug_aranges
                0x00000000000000a8       0x20 ../app01_bsp/\libhal_bsp.a(alt_putstr.o)
 .debug_aranges
                0x00000000000000c8       0x20 ../app01_bsp/\libhal_bsp.a(alt_sys_init.o)
 .debug_aranges
                0x00000000000000e8       0x20 ../app01_bsp/\libhal_bsp.a(altera_avalon_uart_read.o)
 .debug_aranges
                0x0000000000000108       0x20 ../app01_bsp/\libhal_bsp.a(altera_avalon_uart_write.o)
 .debug_aranges
                0x0000000000000128       0x20 ../app01_bsp/\libhal_bsp.a(alt_dcache_flush_all.o)
 .debug_aranges
                0x0000000000000148       0x20 ../app01_bsp/\libhal_bsp.a(alt_dev.o)
 .debug_aranges
                0x0000000000000168       0x18 ../app01_bsp/\libhal_bsp.a(alt_errno.o)
 .debug_aranges
                0x0000000000000180       0x20 ../app01_bsp/\libhal_bsp.a(alt_icache_flush_all.o)
 .debug_aranges
                0x00000000000001a0       0x20 ../app01_bsp/\libhal_bsp.a(altera_nios2_gen2_irq.o)
 .debug_aranges
                0x00000000000001c0       0x18 c:/intelfpga_lite/18.1/nios2eds/bin/gnu/h-x86_64-mingw32/bin/../lib/gcc/nios2-elf/5.3.0/../../../../../H-x86_64-mingw32/nios2-elf/lib/mno-hw-mul\libsmallc.a(lib_a-int_errno.o)
 .debug_aranges
                0x00000000000001d8       0x20 c:/intelfpga_lite/18.1/nios2eds/bin/gnu/h-x86_64-mingw32/bin/../lib/gcc/nios2-elf/5.3.0/../../../../../H-x86_64-mingw32/nios2-elf/lib/mno-hw-mul\libsmallc.a(lib_a-strlen.o)

.debug_pubnames
 *(.debug_pubnames)

.debug_info     0x0000000000000000     0x1634
 *(.debug_info .gnu.linkonce.wi.*)
 .debug_info    0x0000000000000000       0x5a ../app01_bsp//obj/HAL/src/crt0.o
 .debug_info    0x000000000000005a      0x122 obj/default/hello_world_small.o
 .debug_info    0x000000000000017c      0x32d ../app01_bsp/\libhal_bsp.a(alt_getchar.o)
 .debug_info    0x00000000000004a9      0x1c9 ../app01_bsp/\libhal_bsp.a(alt_load.o)
 .debug_info    0x0000000000000672      0x169 ../app01_bsp/\libhal_bsp.a(alt_main.o)
 .debug_info    0x00000000000007db      0x13a ../app01_bsp/\libhal_bsp.a(alt_putstr.o)
 .debug_info    0x0000000000000915      0x15f ../app01_bsp/\libhal_bsp.a(alt_sys_init.o)
 .debug_info    0x0000000000000a74      0x1b2 ../app01_bsp/\libhal_bsp.a(altera_avalon_uart_read.o)
 .debug_info    0x0000000000000c26      0x1c6 ../app01_bsp/\libhal_bsp.a(altera_avalon_uart_write.o)
 .debug_info    0x0000000000000dec       0x92 ../app01_bsp/\libhal_bsp.a(alt_dcache_flush_all.o)
 .debug_info    0x0000000000000e7e      0x499 ../app01_bsp/\libhal_bsp.a(alt_dev.o)
 .debug_info    0x0000000000001317       0xa6 ../app01_bsp/\libhal_bsp.a(alt_errno.o)
 .debug_info    0x00000000000013bd       0x92 ../app01_bsp/\libhal_bsp.a(alt_icache_flush_all.o)
 .debug_info    0x000000000000144f       0x92 ../app01_bsp/\libhal_bsp.a(altera_nios2_gen2_irq.o)
 .debug_info    0x00000000000014e1       0x8a c:/intelfpga_lite/18.1/nios2eds/bin/gnu/h-x86_64-mingw32/bin/../lib/gcc/nios2-elf/5.3.0/../../../../../H-x86_64-mingw32/nios2-elf/lib/mno-hw-mul\libsmallc.a(lib_a-int_errno.o)
 .debug_info    0x000000000000156b       0xc9 c:/intelfpga_lite/18.1/nios2eds/bin/gnu/h-x86_64-mingw32/bin/../lib/gcc/nios2-elf/5.3.0/../../../../../H-x86_64-mingw32/nios2-elf/lib/mno-hw-mul\libsmallc.a(lib_a-strlen.o)

.debug_abbrev   0x0000000000000000      0x9f7
 *(.debug_abbrev)
 .debug_abbrev  0x0000000000000000       0x12 ../app01_bsp//obj/HAL/src/crt0.o
 .debug_abbrev  0x0000000000000012       0xb7 obj/default/hello_world_small.o
 .debug_abbrev  0x00000000000000c9      0x11d ../app01_bsp/\libhal_bsp.a(alt_getchar.o)
 .debug_abbrev  0x00000000000001e6       0xd8 ../app01_bsp/\libhal_bsp.a(alt_load.o)
 .debug_abbrev  0x00000000000002be       0xee ../app01_bsp/\libhal_bsp.a(alt_main.o)
 .debug_abbrev  0x00000000000003ac       0xd3 ../app01_bsp/\libhal_bsp.a(alt_putstr.o)
 .debug_abbrev  0x000000000000047f      0x100 ../app01_bsp/\libhal_bsp.a(alt_sys_init.o)
 .debug_abbrev  0x000000000000057f       0xe1 ../app01_bsp/\libhal_bsp.a(altera_avalon_uart_read.o)
 .debug_abbrev  0x0000000000000660       0xe8 ../app01_bsp/\libhal_bsp.a(altera_avalon_uart_write.o)
 .debug_abbrev  0x0000000000000748       0x42 ../app01_bsp/\libhal_bsp.a(alt_dcache_flush_all.o)
 .debug_abbrev  0x000000000000078a       0xd9 ../app01_bsp/\libhal_bsp.a(alt_dev.o)
 .debug_abbrev  0x0000000000000863       0x5a ../app01_bsp/\libhal_bsp.a(alt_errno.o)
 .debug_abbrev  0x00000000000008bd       0x42 ../app01_bsp/\libhal_bsp.a(alt_icache_flush_all.o)
 .debug_abbrev  0x00000000000008ff       0x42 ../app01_bsp/\libhal_bsp.a(altera_nios2_gen2_irq.o)
 .debug_abbrev  0x0000000000000941       0x37 c:/intelfpga_lite/18.1/nios2eds/bin/gnu/h-x86_64-mingw32/bin/../lib/gcc/nios2-elf/5.3.0/../../../../../H-x86_64-mingw32/nios2-elf/lib/mno-hw-mul\libsmallc.a(lib_a-int_errno.o)
 .debug_abbrev  0x0000000000000978       0x7f c:/intelfpga_lite/18.1/nios2eds/bin/gnu/h-x86_64-mingw32/bin/../lib/gcc/nios2-elf/5.3.0/../../../../../H-x86_64-mingw32/nios2-elf/lib/mno-hw-mul\libsmallc.a(lib_a-strlen.o)

.debug_line     0x0000000000000000      0xa66
 *(.debug_line)
 .debug_line    0x0000000000000000       0x66 ../app01_bsp//obj/HAL/src/crt0.o
 .debug_line    0x0000000000000066       0xa3 obj/default/hello_world_small.o
 .debug_line    0x0000000000000109       0xb7 ../app01_bsp/\libhal_bsp.a(alt_getchar.o)
 .debug_line    0x00000000000001c0       0xa4 ../app01_bsp/\libhal_bsp.a(alt_load.o)
 .debug_line    0x0000000000000264       0xbd ../app01_bsp/\libhal_bsp.a(alt_main.o)
 .debug_line    0x0000000000000321       0xa0 ../app01_bsp/\libhal_bsp.a(alt_putstr.o)
 .debug_line    0x00000000000003c1       0xcf ../app01_bsp/\libhal_bsp.a(alt_sys_init.o)
 .debug_line    0x0000000000000490       0xfc ../app01_bsp/\libhal_bsp.a(altera_avalon_uart_read.o)
 .debug_line    0x000000000000058c       0xec ../app01_bsp/\libhal_bsp.a(altera_avalon_uart_write.o)
 .debug_line    0x0000000000000678       0x4e ../app01_bsp/\libhal_bsp.a(alt_dcache_flush_all.o)
 .debug_line    0x00000000000006c6       0xf6 ../app01_bsp/\libhal_bsp.a(alt_dev.o)
 .debug_line    0x00000000000007bc       0x51 ../app01_bsp/\libhal_bsp.a(alt_errno.o)
 .debug_line    0x000000000000080d       0x4e ../app01_bsp/\libhal_bsp.a(alt_icache_flush_all.o)
 .debug_line    0x000000000000085b       0x50 ../app01_bsp/\libhal_bsp.a(altera_nios2_gen2_irq.o)
 .debug_line    0x00000000000008ab       0x5f c:/intelfpga_lite/18.1/nios2eds/bin/gnu/h-x86_64-mingw32/bin/../lib/gcc/nios2-elf/5.3.0/../../../../../H-x86_64-mingw32/nios2-elf/lib/mno-hw-mul\libsmallc.a(lib_a-int_errno.o)
 .debug_line    0x000000000000090a      0x15c c:/intelfpga_lite/18.1/nios2eds/bin/gnu/h-x86_64-mingw32/bin/../lib/gcc/nios2-elf/5.3.0/../../../../../H-x86_64-mingw32/nios2-elf/lib/mno-hw-mul\libsmallc.a(lib_a-strlen.o)

.debug_frame    0x0000000000000000      0x21c
 *(.debug_frame)
 .debug_frame   0x0000000000000000       0x28 obj/default/hello_world_small.o
 .debug_frame   0x0000000000000028       0x2c ../app01_bsp/\libhal_bsp.a(alt_getchar.o)
 .debug_frame   0x0000000000000054       0x30 ../app01_bsp/\libhal_bsp.a(alt_load.o)
 .debug_frame   0x0000000000000084       0x2c ../app01_bsp/\libhal_bsp.a(alt_main.o)
 .debug_frame   0x00000000000000b0       0x30 ../app01_bsp/\libhal_bsp.a(alt_putstr.o)
 .debug_frame   0x00000000000000e0       0x3c ../app01_bsp/\libhal_bsp.a(alt_sys_init.o)
 .debug_frame   0x000000000000011c       0x2c ../app01_bsp/\libhal_bsp.a(altera_avalon_uart_read.o)
 .debug_frame   0x0000000000000148       0x34 ../app01_bsp/\libhal_bsp.a(altera_avalon_uart_write.o)
 .debug_frame   0x000000000000017c       0x20 ../app01_bsp/\libhal_bsp.a(alt_dcache_flush_all.o)
 .debug_frame   0x000000000000019c       0x20 ../app01_bsp/\libhal_bsp.a(alt_dev.o)
 .debug_frame   0x00000000000001bc       0x20 ../app01_bsp/\libhal_bsp.a(alt_icache_flush_all.o)
 .debug_frame   0x00000000000001dc       0x20 ../app01_bsp/\libhal_bsp.a(altera_nios2_gen2_irq.o)
 .debug_frame   0x00000000000001fc       0x20 c:/intelfpga_lite/18.1/nios2eds/bin/gnu/h-x86_64-mingw32/bin/../lib/gcc/nios2-elf/5.3.0/../../../../../H-x86_64-mingw32/nios2-elf/lib/mno-hw-mul\libsmallc.a(lib_a-strlen.o)

.debug_str      0x0000000000000000      0x841
 *(.debug_str)
 .debug_str     0x0000000000000000      0x13b obj/default/hello_world_small.o
                                        0x179 (size before relaxing)
 .debug_str     0x000000000000013b       0xdb ../app01_bsp/\libhal_bsp.a(alt_getchar.o)
                                        0x215 (size before relaxing)
 .debug_str     0x0000000000000216      0x11b ../app01_bsp/\libhal_bsp.a(alt_load.o)
                                        0x228 (size before relaxing)
 .debug_str     0x0000000000000331       0x5e ../app01_bsp/\libhal_bsp.a(alt_main.o)
                                        0x1a1 (size before relaxing)
 .debug_str     0x000000000000038f       0x35 ../app01_bsp/\libhal_bsp.a(alt_putstr.o)
                                        0x16f (size before relaxing)
 .debug_str     0x00000000000003c4       0x66 ../app01_bsp/\libhal_bsp.a(alt_sys_init.o)
                                        0x1e0 (size before relaxing)
 .debug_str     0x000000000000042a       0x4b ../app01_bsp/\libhal_bsp.a(altera_avalon_uart_read.o)
                                        0x1ed (size before relaxing)
 .debug_str     0x0000000000000475       0x2d ../app01_bsp/\libhal_bsp.a(altera_avalon_uart_write.o)
                                        0x1f5 (size before relaxing)
 .debug_str     0x00000000000004a2       0x1f ../app01_bsp/\libhal_bsp.a(alt_dcache_flush_all.o)
                                        0x141 (size before relaxing)
 .debug_str     0x00000000000004c1      0x120 ../app01_bsp/\libhal_bsp.a(alt_dev.o)
                                        0x2f1 (size before relaxing)
 .debug_str     0x00000000000005e1       0x14 ../app01_bsp/\libhal_bsp.a(alt_errno.o)
                                        0x131 (size before relaxing)
 .debug_str     0x00000000000005f5       0x1f ../app01_bsp/\libhal_bsp.a(alt_icache_flush_all.o)
                                        0x141 (size before relaxing)
 .debug_str     0x0000000000000614       0x20 ../app01_bsp/\libhal_bsp.a(altera_nios2_gen2_irq.o)
                                        0x148 (size before relaxing)
 .debug_str     0x0000000000000634      0x134 c:/intelfpga_lite/18.1/nios2eds/bin/gnu/h-x86_64-mingw32/bin/../lib/gcc/nios2-elf/5.3.0/../../../../../H-x86_64-mingw32/nios2-elf/lib/mno-hw-mul\libsmallc.a(lib_a-int_errno.o)
                                        0x1d8 (size before relaxing)
 .debug_str     0x0000000000000768       0xd9 c:/intelfpga_lite/18.1/nios2eds/bin/gnu/h-x86_64-mingw32/bin/../lib/gcc/nios2-elf/5.3.0/../../../../../H-x86_64-mingw32/nios2-elf/lib/mno-hw-mul\libsmallc.a(lib_a-strlen.o)
                                        0x1e5 (size before relaxing)

.debug_loc      0x0000000000000000      0x2ff
 *(.debug_loc)
 .debug_loc     0x0000000000000000       0x27 obj/default/hello_world_small.o
 .debug_loc     0x0000000000000027       0x37 ../app01_bsp/\libhal_bsp.a(alt_putstr.o)
 .debug_loc     0x000000000000005e       0x21 ../app01_bsp/\libhal_bsp.a(alt_sys_init.o)
 .debug_loc     0x000000000000007f      0x106 ../app01_bsp/\libhal_bsp.a(altera_avalon_uart_read.o)
 .debug_loc     0x0000000000000185      0x15c ../app01_bsp/\libhal_bsp.a(altera_avalon_uart_write.o)
 .debug_loc     0x00000000000002e1       0x1e c:/intelfpga_lite/18.1/nios2eds/bin/gnu/h-x86_64-mingw32/bin/../lib/gcc/nios2-elf/5.3.0/../../../../../H-x86_64-mingw32/nios2-elf/lib/mno-hw-mul\libsmallc.a(lib_a-strlen.o)

.debug_macinfo
 *(.debug_macinfo)

.debug_weaknames
 *(.debug_weaknames)

.debug_funcnames
 *(.debug_funcnames)

.debug_typenames
 *(.debug_typenames)

.debug_varnames
 *(.debug_varnames)

.debug_alt_sim_info
                0x0000000000000000       0x10
 *(.debug_alt_sim_info)
 .debug_alt_sim_info
                0x0000000000000000       0x10 ../app01_bsp//obj/HAL/src/crt0.o
                0x0000000000014000                __alt_data_end = 0x14000
                0x0000000000014000                PROVIDE (__alt_stack_pointer, __alt_data_end)
                [!provide]                        PROVIDE (__alt_stack_limit, __alt_stack_base)
                [!provide]                        PROVIDE (__alt_heap_start, end)
                [!provide]                        PROVIDE (__alt_heap_limit, 0x14000)
OUTPUT(app01.elf elf32-littlenios2)

.debug_ranges   0x0000000000000000       0xa8
 .debug_ranges  0x0000000000000000       0x20 ../app01_bsp//obj/HAL/src/crt0.o
 .debug_ranges  0x0000000000000020       0x10 obj/default/hello_world_small.o
 .debug_ranges  0x0000000000000030       0x48 ../app01_bsp/\libhal_bsp.a(alt_load.o)
 .debug_ranges  0x0000000000000078       0x20 ../app01_bsp/\libhal_bsp.a(altera_avalon_uart_read.o)
 .debug_ranges  0x0000000000000098       0x10 c:/intelfpga_lite/18.1/nios2eds/bin/gnu/h-x86_64-mingw32/bin/../lib/gcc/nios2-elf/5.3.0/../../../../../H-x86_64-mingw32/nios2-elf/lib/mno-hw-mul\libsmallc.a(lib_a-strlen.o)
